.*\bfactorial\.c: 7: factorial: find: find 3 factorial
.*\bfactorial\.c: 7: factorial: find: find 2 factorial
.*\bfactorial\.c: 7: factorial: find: find 1 factorial
.*\bfactorial\.c: 11: factorial: result: result is 1
.*\bfactorial\.c: 11: factorial: result: result is 2
.*\bfactorial\.c: 11: factorial: result: result is 6
6
