>main
|   >factorial
|   |   >factorial
|   |   |   >factorial
|   |   |   <factorial;  elapsed time: \s*[.0-9]+ \(incl.\), \s*[.0-9]+ \(excl.\)
|   |   <factorial;  elapsed time: \s*[.0-9]+ \(incl.\), \s*[.0-9]+ \(excl.\)
|   <factorial;  elapsed time: \s*[.0-9]+ \(incl.\), \s*[.0-9]+ \(excl.\)
6
<main;  elapsed time: \s*[.0-9]+ \(incl\.\), \s*[.0-9]+ \(excl\.\)

-------------------------------------------------------------------------------------------------------
Profile of execution for debug context 'factorial'
Stack usage: \d+ bytes
Execution times are in seconds

                         Calls           Time               Time/call \(excluding callees\)
                         -----           ----               -----------------------------
function                 # calls % calls        time % time         avg         min         max  weight
======================== ======= ======= =========== ====== =========== =========== =========== =======
factorial                      3   75.00 \s*[.0-9]+ \s*[.0-9]+ \s*[.0-9]+ \s*[.0-9]+ \s*[.0-9]+ \s*[.0-9]+
main                           1   25.00 \s*[.0-9]+ \s*[.0-9]+ \s*[.0-9]+ \s*[.0-9]+ \s*[.0-9]+ \s*[.0-9]+
                         ======= ======= =========== ======                    
Totals                         4  100.00     \s*[.0-9]+ 100.00
-------------------------------------------------------------------------------------------------------
